Γû▓ Next.js 16.2.1 (Turbopack)
- Environments: .env.local, .env

  Creating an optimized production build ...
Γ£ô Compiled successfully in 55s
  Running TypeScript ...
  Finished TypeScript in 41s ...
  Collecting page data using 7 workers ...
node.exe : ΓÜá Using edge runtime on a page currently disables static generation for that page
At line:1 char:1
+ & "C:\Program Files\nodejs/node.exe" "C:\Program Files\nodejs/node_mo ...
+ ~~~~~~~~~~~~~~~~~~~~~~~~~~~~~~~~~~~~~~~~~~~~~~~~~~~~~~~~~~~~~~~~~~~~~
    + CategoryInfo          : NotSpecified: (ΓÜá Using edge ...n for that page:String) [], RemoteException
    + FullyQualifiedErrorId : NativeCommandError
 
  Generating static pages using 7 workers (0/61) ...
(node:24200) [DEP0169] DeprecationWarning: `url.parse()` behavior is not standardized and prone to errors that have 
security implications. Use the WHATWG URL API instead. CVEs are not issued for `url.parse()` vulnerabilities.
(Use `node --trace-deprecation ...` to show where the warning was created)
  Generating static pages using 7 workers (15/61) 
  Generating static pages using 7 workers (30/61) 
  Generating static pages using 7 workers (45/61) 
Γ£ô Generating static pages using 7 workers (61/61) in 7.0s
  Finalizing page optimization ...

Route (app)
Γöî Γùï /
Γö£ Γùï /_not-found
Γö£ Γùï /about
Γö£ ╞Æ /admin
Γö£ ╞Æ /admin/analytics
Γö£ ╞Æ /admin/cms
Γö£ ╞Æ /admin/cms/edit/[id]
Γö£ ╞Æ /admin/cms/new
Γö£ ╞Æ /admin/predictions
Γö£ ╞Æ /admin/settings
Γö£ ╞Æ /admin/users
Γö£ ╞Æ /api/admin/live-views
Γö£ ╞Æ /api/admin/make-pro
Γö£ ╞Æ /api/admin/settings/featured
Γö£ ╞Æ /api/admin/settings/items
Γö£ ╞Æ /api/admin/settings/section-config
Γö£ ╞Æ /api/analytics/track
Γö£ ╞Æ /api/auth/[...nextauth]
Γö£ ╞Æ /api/auth/register
Γö£ ╞Æ /api/contact
Γö£ ╞Æ /api/cron/freshness-check
Γö£ ╞Æ /api/insights
Γö£ ╞Æ /api/research
Γö£ ╞Æ /api/saved
Γö£ ╞Æ /api/subscribe
Γö£ ╞Æ /api/user
Γö£ Γùï /auth/error
Γö£ Γùï /auth/signin
Γö£ ╞Æ /authors/[slug]
Γö£ Γùï /case-studies
Γö£ ╞Æ /case-studies/[slug]
Γö£ Γùï /contact
Γö£ ╞Æ /dashboard
Γö£ Γùï /dashboard/edit
Γö£ Γùï /data-freshness
Γö£ Γùï /data-lab
Γö£ ΓùÅ /data-lab/[slug]
Γöé Γö£ /data-lab/qcommerce-unit-economics-model
Γöé Γöö /data-lab/india-startup-funding-analysis
Γö£ Γùï /enterprise
Γö£ Γùï /insights
Γö£ ╞Æ /insights/[slug]
Γö£ Γùï /manifest.webmanifest
Γö£ ╞Æ /opengraph-image
Γö£ Γùï /podcast
Γö£ ΓùÅ /podcast/[slug]
Γöé Γöö /podcast/ep001-blinkit-ebitda-breakdown
Γö£ ╞Æ /predictions
Γö£ Γùï /pricing
Γö£ Γùï /privacy
Γö£ Γùï /radar
Γö£ Γùï /research
Γö£ ╞Æ /research/[slug]
Γö£ Γùï /resume
Γö£ Γùï /robots.txt
Γö£ Γùï /services
Γö£ Γùï /sitemap.xml
Γö£ Γùï /speaking
Γö£ Γùï /terms
Γö£ Γùï /tools
Γö£ ╞Æ /tools/[slug]
Γö£ ╞Æ /tools/autonomous-workforce
Γö£ Γùï /tracker
Γöö ΓùÅ /tracker/[sector]
  Γö£ /tracker/quick-commerce
  Γö£ /tracker/fintech
  Γö£ /tracker/ev
  Γöö [+5 more paths]


Γùï  (Static)   prerendered as static content
ΓùÅ  (SSG)      prerendered as static HTML (uses generateStaticParams)
╞Æ  (Dynamic)  server-rendered on demand

